[36mvite v8.1.4 [32mbuilding client environment for production...[36m[39m
[2K
transforming...Γ£ô 1127 modules transformed.
Γ£ù Build failed in 1.09s
error during build:
Build failed with 1 error:

[plugin vite:vue] C:/laragon/www/web-topup/resources/js/Pages/Admin/Categories/Create.vue:39:13
RolldownError: Element is missing end tag.
SyntaxError: Element is missing end tag.
    at createCompilerError (C:\laragon\www\web-topup\node_modules\@vue\compiler-core\dist\compiler-core.cjs.prod.js:1374:17)
    at emitError (C:\laragon\www\web-topup\node_modules\@vue\compiler-core\dist\compiler-core.cjs.prod.js:2980:5)
    at Object.onclosetag (C:\laragon\www\web-topup\node_modules\@vue\compiler-core\dist\compiler-core.cjs.prod.js:2377:13)
    at Tokenizer.stateInClosingTagName (C:\laragon\www\web-topup\node_modules\@vue\compiler-core\dist\compiler-core.cjs.prod.js:799:16)
    at Tokenizer.parse (C:\laragon\www\web-topup\node_modules\@vue\compiler-core\dist\compiler-core.cjs.prod.js:1157:16)
    at Object.baseParse (C:\laragon\www\web-topup\node_modules\@vue\compiler-core\dist\compiler-core.cjs.prod.js:3012:13)
    at Object.parse (C:\laragon\www\web-topup\node_modules\@vue\compiler-dom\dist\compiler-dom.cjs.prod.js:665:23)
    at Object.parse$1 [as parse] (C:\laragon\www\web-topup\node_modules\@vue\compiler-sfc\dist\compiler-sfc.cjs.js:1824:24)
    at createDescriptor (file:///C:/laragon/www/web-topup/node_modules/@vitejs/plugin-vue/dist/index.mjs:50:42)
    at transformMain (file:///C:/laragon/www/web-topup/node_modules/@vitejs/plugin-vue/dist/index.mjs:1299:33)
    at aggregateBindingErrorsIntoJsError (file:///C:/laragon/www/web-topup/node_modules/rolldown/dist/shared/error-BHRSI0R7.mjs:48:18)
    at unwrapBindingResult (file:///C:/laragon/www/web-topup/node_modules/rolldown/dist/shared/error-BHRSI0R7.mjs:18:128)
    at #build (file:///C:/laragon/www/web-topup/node_modules/rolldown/dist/shared/rolldown-build-CtPvmZgJ.mjs:3276:34)
    at async buildEnvironment (file:///C:/laragon/www/web-topup/node_modules/vite/dist/node/chunks/node.js:33011:66)
    at async Object.build (file:///C:/laragon/www/web-topup/node_modules/vite/dist/node/chunks/node.js:33433:19)
    at async Object.buildApp (file:///C:/laragon/www/web-topup/node_modules/vite/dist/node/chunks/node.js:33430:153)
    at async CAC.<anonymous> (file:///C:/laragon/www/web-topup/node_modules/vite/dist/node/cli.js:776:3) {
  errors: [Getter/Setter]
}
