[36mvite v8.1.4 [32mbuilding client environment for production...[36m[39m
[2K
transforming...Γ£ô 2 modules transformed.
Γ£ù Build failed in 798ms
error during build:
Build failed with 1 error:

[builtin:vite-import-glob] plugin `builtin:vite-import-glob` threw an error

Caused by:
    Failed to parse code in 'C:/laragon/www/web-topup/resources/js/app.js': "Unexpected token"

    at aggregateBindingErrorsIntoJsError (file:///C:/laragon/www/web-topup/node_modules/rolldown/dist/shared/error-BHRSI0R7.mjs:48:18)
    at unwrapBindingResult (file:///C:/laragon/www/web-topup/node_modules/rolldown/dist/shared/error-BHRSI0R7.mjs:18:128)
    at #build (file:///C:/laragon/www/web-topup/node_modules/rolldown/dist/shared/rolldown-build-CtPvmZgJ.mjs:3276:34)
    at async buildEnvironment (file:///C:/laragon/www/web-topup/node_modules/vite/dist/node/chunks/node.js:33011:66)
    at async Object.build (file:///C:/laragon/www/web-topup/node_modules/vite/dist/node/chunks/node.js:33433:19)
    at async Object.buildApp (file:///C:/laragon/www/web-topup/node_modules/vite/dist/node/chunks/node.js:33430:153)
    at async CAC.<anonymous> (file:///C:/laragon/www/web-topup/node_modules/vite/dist/node/cli.js:776:3) {
  errors: [Getter/Setter]
}
